-> 03/23/2014 18:31:05.660 | INFO  | HTTPThreadGroup-12 | SentryPublisher | 290c1047:144f0076a25:-1741 | Publishing MOCT msg from GCSH000580
-> 03/23/2014 18:31:05.668 | INFO  | HTTPThreadGroup-12 | SentryDecoder | 290c1047:144f0076a25:-1741 | Decoded & Published in -0h:0m:0s.8ms
-> 03/23/2014 18:31:05.668 | INFO  | HTTPThreadGroup-12 | SentryPublisher | 290c1047:144f0076a25:-1741 | Published in -0h:0m:0s.8ms
-> 03/23/2014 18:31:05.672 | INFO  | HTTPThreadGroup-12 | SentryPublisher | 290c1047:144f0076a25:-1740 | Publishing MOCT msg from TCTB002528
-> 03/23/2014 18:31:05.680 | INFO  | HTTPThreadGroup-12 | SentryDecoder | 290c1047:144f0076a25:-1740 | Decoded & Published in -0h:0m:0s.8ms
-> 03/23/2014 18:31:05.680 | INFO  | HTTPThreadGroup-12 | SentryPublisher | 290c1047:144f0076a25:-1740 | Published in -0h:0m:0s.8ms
-> 03/23/2014 18:31:05.684 | INFO  | HTTPThreadGroup-12 | SentryPublisher | 290c1047:144f0076a25:-173f | Publishing MOCT msg from GCTJ003418
-> 03/23/2014 18:31:05.692 | INFO  | HTTPThreadGroup-12 | SentryDecoder | 290c1047:144f0076a25:-173f | Decoded & Published in -0h:0m:0s.8ms
-> 03/23/2014 18:31:05.692 | INFO  | HTTPThreadGroup-12 | SentryPublisher | 290c1047:144f0076a25:-173f | Published in -0h:0m:0s.8ms
-> 03/23/2014 18:31:05.696 | INFO  | HTTPThreadGroup-12 | SentryPublisher | 290c1047:144f0076a25:-173e | Publishing MOCT msg from GCTJ003418
-> 03/23/2014 18:31:05.704 | INFO  | HTTPThreadGroup-12 | SentryDecoder | 290c1047:144f0076a25:-173e | Decoded & Published in -0h:0m:0s.8ms
-> 03/23/2014 18:31:05.704 | INFO  | HTTPThreadGroup-12 | SentryPublisher | 290c1047:144f0076a25:-173e | Published in -0h:0m:0s.8ms
-> 03/23/2014 18:31:05.709 | INFO  | HTTPThreadGroup-11 | DecodedStatusProc | 290c1047:144f0076a25:-174b | Processing: com.alion.gsm.sentry.dao.UnimplementedMessage
-> 03/23/2014 18:31:05.709 | WARN  | HTTPThreadGroup-11 | DecodedStatusProc | 290c1047:144f0076a25:-174b | UnimplementedMessage message: type:0 stype:8 desc:UNIMPLEMENTED_ST_MESSAGE mob#:12014961258
-> 03/23/2014 18:31:05.709 | INFO  | HTTPThreadGroup-11 | DecodedStatusProc | 290c1047:144f0076a25:-174b | Processing Complete in 0
-> 03/23/2014 18:31:05.709 | INFO  | HTTPThreadGroup-11 | SentryStatusProc | 290c1047:144f0076a25:-174b | Status processed in -0h:0m:0s.1ms, total in -0h:0m:0s.182ms
-> 03/23/2014 18:31:05.712 | INFO  | HTTPThreadGroup-12 | SentryPublisher | 290c1047:144f0076a25:-173c | Publishing MOCT msg from GCSH000580
-> 03/23/2014 18:31:05.718 | INFO  | HTTPThreadGroup-11 | DecodedStatusProc | 290c1047:144f0076a25:-174a | Processing: com.alion.gsm.sentry.dao.StatusReportSingleTempMessage
-> 03/23/2014 18:31:05.720 | INFO  | HTTPThreadGroup-12 | SentryDecoder | 290c1047:144f0076a25:-173c | Decoded & Published in -0h:0m:0s.8ms
-> 03/23/2014 18:31:05.720 | INFO  | HTTPThreadGroup-12 | SentryPublisher | 290c1047:144f0076a25:-173c | Published in -0h:0m:0s.8ms
-> 03/23/2014 18:31:05.724 | INFO  | HTTPThreadGroup-12 | SentryPublisher | 290c1047:144f0076a25:-173a | Publishing MOCT msg from GCTJ003418
-> 03/23/2014 18:31:05.732 | INFO  | HTTPThreadGroup-12 | SentryDecoder | 290c1047:144f0076a25:-173a | Decoded & Published in -0h:0m:0s.8ms
-> 03/23/2014 18:31:05.732 | INFO  | HTTPThreadGroup-12 | SentryPublisher | 290c1047:144f0076a25:-173a | Published in -0h:0m:0s.8ms
-> 03/23/2014 18:31:05.736 | INFO  | HTTPThreadGroup-12 | SentryPublisher | 290c1047:144f0076a25:-1739 | Publishing MOCT msg from TCTB002528
-> 03/23/2014 18:31:05.746 | INFO  | HTTPThreadGroup-12 | SentryDecoder | 290c1047:144f0076a25:-1739 | Decoded & Published in -0h:0m:0s.10ms
-> 03/23/2014 18:31:05.746 | INFO  | HTTPThreadGroup-12 | SentryPublisher | 290c1047:144f0076a25:-1739 | Published in -0h:0m:0s.10ms
-> 03/23/2014 18:31:05.750 | INFO  | HTTPThreadGroup-12 | SentryPublisher | 290c1047:144f0076a25:-1738 | Publishing MOCT msg from TCTB002528
-> 03/23/2014 18:31:05.760 | INFO  | HTTPThreadGroup-12 | SentryDecoder | 290c1047:144f0076a25:-1738 | Decoded & Published in -0h:0m:0s.10ms
-> 03/23/2014 18:31:05.760 | INFO  | HTTPThreadGroup-12 | SentryPublisher | 290c1047:144f0076a25:-1738 | Published in -0h:0m:0s.10ms
-> 03/23/2014 18:31:05.762 | INFO  | HTTPThreadGroup-11 | DecodedStatusProc | 290c1047:144f0076a25:-174a | Message from Unit:H408[60052] Stamp: 2014-03-23 18:29:16.0
-> 03/23/2014 18:31:05.815 | INFO  | HTTPThreadGroup-11 | DecodedStatusProc | 290c1047:144f0076a25:-174a | Processing Complete in 97
-> 03/23/2014 18:31:05.815 | INFO  | HTTPThreadGroup-11 | SentryStatusProc | 290c1047:144f0076a25:-174a | Status processed in -0h:0m:0s.99ms, total in -0h:0m:0s.272ms
-> 03/23/2014 18:31:05.822 | INFO  | HTTPThreadGroup-11 | DecodedStatusProc | 290c1047:144f0076a25:-1749 | Processing: com.alion.gsm.sentry.dao.StatusReportSingleTempMessage
-> 03/23/2014 18:31:05.866 | INFO  | HTTPThreadGroup-11 | DecodedStatusProc | 290c1047:144f0076a25:-1749 | Message from Unit:PRIZ140870[55293] Stamp: 2014-03-23 18:34:54.0
-> 03/23/2014 18:31:05.868 | INFO  | HTTPThreadGroup-11 | DecodedStatusProc | 290c1047:144f0076a25:-1749 | Processing Complete in 46
-> 03/23/2014 18:31:05.868 | INFO  | HTTPThreadGroup-11 | SentryStatusProc | 290c1047:144f0076a25:-1749 | Status processed in -0h:0m:0s.49ms, total in -0h:0m:0s.309ms
-> 03/23/2014 18:31:05.878 | INFO  | HTTPThreadGroup-11 | DecodedStatusProc | 290c1047:144f0076a25:-1748 | Processing: com.alion.gsm.sentry.dao.StatusReportMultiTempMessage
-> 03/23/2014 18:31:05.917 | INFO  | HTTPThreadGroup-11 | DecodedStatusProc | 290c1047:144f0076a25:-1748 | Message from Unit:4CB835SH_4CK779[35362] Stamp: 2014-03-23 18:29:10.0
-> 03/23/2014 18:31:05.919 | INFO  | HTTPThreadGroup-11 | DecodedStatusProc | 290c1047:144f0076a25:-1748 | Processing Complete in 41
-> 03/23/2014 18:31:05.920 | INFO  | HTTPThreadGroup-11 | SentryStatusProc | 290c1047:144f0076a25:-1748 | Status processed in -0h:0m:0s.45ms, total in -0h:0m:0s.346ms
-> 03/23/2014 18:31:05.926 | INFO  | HTTPThreadGroup-11 | DecodedStatusProc | 290c1047:144f0076a25:-1747 | Processing: com.alion.gsm.sentry.dao.StatusReportSingleTempMessage
-> 03/23/2014 18:31:05.961 | INFO  | HTTPThreadGroup-11 | DecodedStatusProc | 290c1047:144f0076a25:-1747 | Message from Unit:EHZ20737[34835] Stamp: 2014-03-23 18:30:37.0
-> 03/23/2014 18:31:05.973 | INFO  | HTTPThreadGroup-11 | DecodedStatusProc | 290c1047:144f0076a25:-1747 | Processing Complete in 47
-> 03/23/2014 18:31:05.973 | INFO  | HTTPThreadGroup-11 | SentryStatusProc | 290c1047:144f0076a25:-1747 | Status processed in -0h:0m:0s.49ms, total in -0h:0m:0s.387ms
-> 03/23/2014 18:31:05.979 | INFO  | HTTPThreadGroup-11 | DecodedStatusProc | 290c1047:144f0076a25:-1746 | Processing: com.alion.gsm.sentry.dao.StatusReportSingleTempMessage
-> 03/23/2014 18:31:06.013 | INFO  | HTTPThreadGroup-11 | DecodedStatusProc | 290c1047:144f0076a25:-1746 | Message from Unit:PGLJ5853[42305] Stamp: 2014-03-23 18:30:36.0
-> 03/23/2014 18:31:06.029 | INFO  | HTTPThreadGroup-11 | DecodedStatusProc | 290c1047:144f0076a25:-1746 | Processing Complete in 50
-> 03/23/2014 18:31:06.029 | INFO  | HTTPThreadGroup-11 | SentryStatusProc | 290c1047:144f0076a25:-1746 | Status processed in -0h:0m:0s.52ms, total in -0h:0m:0s.428ms
-> 03/23/2014 18:31:06.035 | INFO  | HTTPThreadGroup-11 | DecodedStatusProc | 290c1047:144f0076a25:-1745 | Processing: com.alion.gsm.sentry.dao.StatusReportSingleTempMessage
-> 03/23/2014 18:31:06.080 | INFO  | HTTPThreadGroup-11 | DecodedStatusProc | 290c1047:144f0076a25:-1745 | Message from Unit:MTL20683[55984] Stamp: 2014-03-23 15:10:54.0
-> 03/23/2014 18:31:06.113 | INFO  | HTTPThreadGroup-11 | DecodedStatusProc | 290c1047:144f0076a25:-1745 | Processing Complete in 78
-> 03/23/2014 18:31:06.113 | INFO  | HTTPThreadGroup-11 | SentryStatusProc | 290c1047:144f0076a25:-1745 | Status processed in -0h:0m:0s.80ms, total in -0h:0m:0s.500ms
-> 03/23/2014 18:31:06.119 | INFO  | HTTPThreadGroup-11 | DecodedStatusProc | 290c1047:144f0076a25:-1744 | Processing: com.alion.gsm.sentry.dao.StatusReportSingleTempMessage
-> 03/23/2014 18:31:06.169 | INFO  | HTTPThreadGroup-11 | DecodedStatusProc | 290c1047:144f0076a25:-1744 | Message from Unit:450331[53352] Stamp: 2014-03-23 18:34:56.0
-> 03/23/2014 18:31:06.190 | INFO  | HTTPThreadGroup-11 | DecodedStatusProc | 290c1047:144f0076a25:-1744 | Processing Complete in 71
-> 03/23/2014 18:31:06.191 | INFO  | HTTPThreadGroup-11 | SentryStatusProc | 290c1047:144f0076a25:-1744 | Status processed in -0h:0m:0s.75ms, total in -0h:0m:0s.566ms
-> 03/23/2014 18:31:06.197 | INFO  | HTTPThreadGroup-11 | DecodedStatusProc | 290c1047:144f0076a25:-1743 | Processing: com.alion.gsm.sentry.dao.StatusReportSingleTempMessage
-> 03/23/2014 18:31:06.241 | INFO  | HTTPThreadGroup-11 | DecodedStatusProc | 290c1047:144f0076a25:-1743 | Message from Unit:H872[41464] Stamp: 2014-03-23 18:33:41.0
-> 03/23/2014 18:31:06.253 | INFO  | HTTPThreadGroup-11 | DecodedStatusProc | 290c1047:144f0076a25:-1743 | Processing Complete in 56
-> 03/23/2014 18:31:06.253 | INFO  | HTTPThreadGroup-11 | SentryStatusProc | 290c1047:144f0076a25:-1743 | Status processed in -0h:0m:0s.58ms, total in -0h:0m:0s.616ms
-> 03/23/2014 18:31:06.259 | INFO  | HTTPThreadGroup-11 | DecodedStatusProc | 290c1047:144f0076a25:-1742 | Processing: com.alion.gsm.sentry.dao.StatusReportSingleTempMessage
-> 03/23/2014 18:31:06.315 | INFO  | HTTPThreadGroup-11 | DecodedStatusProc | 290c1047:144f0076a25:-1742 | Message from Unit:NAV55509[64841] Stamp: 2014-03-23 18:33:50.0
-> 03/23/2014 18:31:06.317 | INFO  | HTTPThreadGroup-11 | DecodedStatusProc | 290c1047:144f0076a25:-1742 | Processing Complete in 58
-> 03/23/2014 18:31:06.317 | INFO  | HTTPThreadGroup-11 | SentryStatusProc | 290c1047:144f0076a25:-1742 | Status processed in -0h:0m:0s.61ms, total in -0h:0m:0s.668ms
-> 03/23/2014 18:31:06.323 | INFO  | HTTPThreadGroup-11 | DecodedStatusProc | 290c1047:144f0076a25:-1741 | Processing: com.alion.gsm.sentry.dao.PretripReportMessage
-> 03/23/2014 18:31:06.418 | INFO  | HTTPThreadGroup-11 | DecodedStatusProc | 290c1047:144f0076a25:-1741 | Message from Unit:R1286[63679] Stamp: 2014-03-23 18:28:35.0
-> 03/23/2014 18:31:06.420 | INFO  | HTTPThreadGroup-11 | DecodedStatusProc | 290c1047:144f0076a25:-1741 | Processing Complete in 97
-> 03/23/2014 18:31:06.420 | INFO  | HTTPThreadGroup-11 | SentryStatusProc | 290c1047:144f0076a25:-1741 | Status processed in -0h:0m:0s.99ms, total in -0h:0m:0s.760ms
-> 03/23/2014 18:31:06.426 | INFO  | HTTPThreadGroup-11 | DecodedStatusProc | 290c1047:144f0076a25:-1740 | Processing: com.alion.gsm.sentry.dao.StatusReportSingleTempMessage
-> 03/23/2014 18:31:06.482 | INFO  | HTTPThreadGroup-11 | DecodedStatusProc | 290c1047:144f0076a25:-1740 | Message from Unit:PRIZ141093[56322] Stamp: 2014-03-23 18:34:31.0
-> 03/23/2014 18:31:06.495 | INFO  | HTTPThreadGroup-11 | DecodedStatusProc | 290c1047:144f0076a25:-1740 | Processing Complete in 69
-> 03/23/2014 18:31:06.495 | INFO  | HTTPThreadGroup-11 | SentryStatusProc | 290c1047:144f0076a25:-1740 | Status processed in -0h:0m:0s.71ms, total in -0h:0m:0s.823ms
-> 03/23/2014 18:31:06.501 | INFO  | HTTPThreadGroup-11 | DecodedStatusProc | 290c1047:144f0076a25:-173f | Processing: com.alion.gsm.sentry.dao.StatusReportSingleTempMessage
-> 03/23/2014 18:31:06.534 | INFO  | HTTPThreadGroup-11 | DecodedStatusProc | 290c1047:144f0076a25:-173f | Message from Unit:TGXU560033[66372] Stamp: 2014-03-23 18:27:47.0
-> 03/23/2014 18:31:06.548 | INFO  | HTTPThreadGroup-11 | DecodedStatusProc | 290c1047:144f0076a25:-173f | Processing Complete in 47
-> 03/23/2014 18:31:06.548 | INFO  | HTTPThreadGroup-11 | SentryStatusProc | 290c1047:144f0076a25:-173f | Status processed in -0h:0m:0s.49ms, total in -0h:0m:0s.864ms
-> 03/23/2014 18:31:06.554 | INFO  | HTTPThreadGroup-11 | DecodedStatusProc | 290c1047:144f0076a25:-173e | Processing: com.alion.gsm.sentry.dao.TempProfileReportMessage
-> 03/23/2014 18:31:06.578 | INFO  | HTTPThreadGroup-11 | DecodedStatusProc | 290c1047:144f0076a25:-173e | Message from Asset:49736 Stamp: 2014-03-23 18:31:57.0
-> 03/23/2014 18:31:06.579 | INFO  | HTTPThreadGroup-11 | DecodedStatusProc | 290c1047:144f0076a25:-173e | Processing Complete in 25
-> 03/23/2014 18:31:06.579 | INFO  | HTTPThreadGroup-11 | SentryStatusProc | 290c1047:144f0076a25:-173e | Status processed in -0h:0m:0s.27ms, total in -0h:0m:0s.883ms
-> 03/23/2014 18:31:06.588 | INFO  | HTTPThreadGroup-11 | DecodedStatusProc | 290c1047:144f0076a25:-173c | Processing: com.alion.gsm.sentry.dao.StatusReportMultiTempMessage
-> 03/23/2014 18:31:06.634 | INFO  | HTTPThreadGroup-11 | DecodedStatusProc | 290c1047:144f0076a25:-173c | Message from Unit:880029[63478] Stamp: 2014-03-23 16:53:32.0
-> 03/23/2014 18:31:06.636 | INFO  | HTTPThreadGroup-11 | DecodedStatusProc | 290c1047:144f0076a25:-173c | Processing Complete in 48
-> 03/23/2014 18:31:06.636 | INFO  | HTTPThreadGroup-11 | SentryStatusProc | 290c1047:144f0076a25:-173c | Status processed in -0h:0m:0s.51ms, total in -0h:0m:0s.924ms
-> 03/23/2014 18:31:06.642 | INFO  | HTTPThreadGroup-11 | DecodedStatusProc | 290c1047:144f0076a25:-173a | Processing: com.alion.gsm.sentry.dao.TempProfileReportMessage
-> 03/23/2014 18:31:06.710 | INFO  | HTTPThreadGroup-11 | DecodedStatusProc | 290c1047:144f0076a25:-173a | Message from Asset:58374 Stamp: 2014-03-23 18:28:44.0
-> 03/23/2014 18:31:06.711 | INFO  | HTTPThreadGroup-11 | DecodedStatusProc | 290c1047:144f0076a25:-173a | Processing Complete in 68
-> 03/23/2014 18:31:06.711 | INFO  | HTTPThreadGroup-11 | SentryStatusProc | 290c1047:144f0076a25:-173a | Status processed in -0h:0m:0s.71ms, total in -0h:0m:0s.987ms
-> 03/23/2014 18:31:06.718 | INFO  | HTTPThreadGroup-11 | DecodedStatusProc | 290c1047:144f0076a25:-1739 | Processing: com.alion.gsm.sentry.dao.StatusReportSingleTempMessage
-> 03/23/2014 18:31:06.766 | INFO  | HTTPThreadGroup-11 | DecodedStatusProc | 290c1047:144f0076a25:-1739 | Message from Unit:PGLJ5886[40024] Stamp: 2014-03-23 18:30:39.0
-> 03/23/2014 18:31:06.806 | INFO  | HTTPThreadGroup-11 | DecodedStatusProc | 290c1047:144f0076a25:-1739 | Processing Complete in 88
-> 03/23/2014 18:31:06.806 | INFO  | HTTPThreadGroup-11 | SentryStatusProc | 290c1047:144f0076a25:-1739 | Status processed in -0h:0m:0s.91ms, total in -0h:0m:1s.70ms
-> 03/23/2014 18:31:06.812 | INFO  | HTTPThreadGroup-11 | DecodedStatusProc | 290c1047:144f0076a25:-1738 | Processing: com.alion.gsm.sentry.dao.StatusReportSingleTempMessage
-> 03/23/2014 18:31:06.858 | INFO  | HTTPThreadGroup-11 | DecodedStatusProc | 290c1047:144f0076a25:-1738 | Message from Unit:FTI3160[67443] Stamp: 2014-03-23 18:31:15.0
-> 03/23/2014 18:31:06.860 | INFO  | HTTPThreadGroup-11 | DecodedStatusProc | 290c1047:144f0076a25:-1738 | Processing Complete in 48
-> 03/23/2014 18:31:06.860 | INFO  | HTTPThreadGroup-11 | SentryStatusProc | 290c1047:144f0076a25:-1738 | Status processed in -0h:0m:0s.50ms, total in -0h:0m:1s.110ms
-> 03/23/2014 18:31:10.937 | INFO  | HTTPThreadGroup-12 | SentryPublisher | 290c1047:144f0076a25:-1720 | Publishing MOCT msg from GCTJ003418
-> 03/23/2014 18:31:10.947 | INFO  | HTTPThreadGroup-12 | SentryDecoder | 290c1047:144f0076a25:-1720 | Decoded & Published in -0h:0m:0s.10ms
-> 03/23/2014 18:31:10.968 | INFO  | HTTPThreadGroup-11 | DecodedStatusProc | 290c1047:144f0076a25:-1720 | Processing: com.alion.gsm.sentry.dao.StatusReportSingleTempMessage
-> 03/23/2014 18:31:10.979 | INFO  | HTTPThreadGroup-12 | SentryPublisher | 290c1047:144f0076a25:-1720 | Published in -0h:0m:0s.41ms
-> 03/23/2014 18:31:10.983 | INFO  | HTTPThreadGroup-12 | SentryPublisher | 290c1047:144f0076a25:-171e | Publishing MOCT msg from TCTB002528
-> 03/23/2014 18:31:10.991 | INFO  | HTTPThreadGroup-12 | SentryDecoder | 290c1047:144f0076a25:-171e | Decoded & Published in -0h:0m:0s.8ms
-> 03/23/2014 18:31:10.991 | INFO  | HTTPThreadGroup-12 | SentryPublisher | 290c1047:144f0076a25:-171e | Published in -0h:0m:0s.8ms
-> 03/23/2014 18:31:10.995 | INFO  | HTTPThreadGroup-12 | SentryPublisher | 290c1047:144f0076a25:-171d | Publishing MOCT msg from GCTJ003418
-> 03/23/2014 18:31:11.006 | INFO  | HTTPThreadGroup-12 | SentryDecoder | 290c1047:144f0076a25:-171d | Decoded & Published in -0h:0m:0s.11ms
-> 03/23/2014 18:31:11.006 | INFO  | HTTPThreadGroup-12 | SentryPublisher | 290c1047:144f0076a25:-171d | Published in -0h:0m:0s.11ms
-> 03/23/2014 18:31:11.010 | INFO  | HTTPThreadGroup-12 | SentryPublisher | 290c1047:144f0076a25:-171c | Publishing MOCT msg from GCTJ003418
-> 03/23/2014 18:31:11.018 | INFO  | HTTPThreadGroup-12 | SentryDecoder | 290c1047:144f0076a25:-171c | Decoded & Published in -0h:0m:0s.8ms
-> 03/23/2014 18:31:11.018 | INFO  | HTTPThreadGroup-12 | SentryPublisher | 290c1047:144f0076a25:-171c | Published in -0h:0m:0s.8ms
-> 03/23/2014 18:31:11.023 | INFO  | HTTPThreadGroup-12 | SentryPublisher | 290c1047:144f0076a25:-171b | Publishing MOCT msg from GCSH000580
-> 03/23/2014 18:31:11.030 | INFO  | HTTPThreadGroup-12 | SentryDecoder | 290c1047:144f0076a25:-171b | Decoded & Published in -0h:0m:0s.8ms
-> 03/23/2014 18:31:11.030 | INFO  | HTTPThreadGroup-12 | SentryPublisher | 290c1047:144f0076a25:-171b | Published in -0h:0m:0s.8ms
-> 03/23/2014 18:31:11.034 | INFO  | HTTPThreadGroup-12 | SentryPublisher | 290c1047:144f0076a25:-171a | Publishing MOCT msg from TCTB002528
-> 03/23/2014 18:31:11.041 | INFO  | HTTPThreadGroup-12 | SentryDecoder | 290c1047:144f0076a25:-171a | Decoded & Published in -0h:0m:0s.7ms
-> 03/23/2014 18:31:11.041 | INFO  | HTTPThreadGroup-12 | SentryPublisher | 290c1047:144f0076a25:-171a | Published in -0h:0m:0s.7ms
-> 03/23/2014 18:31:11.045 | INFO  | HTTPThreadGroup-12 | SentryPublisher | 290c1047:144f0076a25:-1719 | Publishing MOCT msg from GCSH000580
-> 03/23/2014 18:31:11.046 | INFO  | HTTPThreadGroup-11 | DecodedStatusProc | 290c1047:144f0076a25:-1720 | Message from Unit:LOF5323[64375] Stamp: 2014-03-23 18:31:11.0
-> 03/23/2014 18:31:11.053 | INFO  | HTTPThreadGroup-12 | SentryDecoder | 290c1047:144f0076a25:-1719 | Decoded & Published in -0h:0m:0s.8ms
-> 03/23/2014 18:31:11.053 | INFO  | HTTPThreadGroup-12 | SentryPublisher | 290c1047:144f0076a25:-1719 | Published in -0h:0m:0s.8ms
-> 03/23/2014 18:31:11.057 | INFO  | HTTPThreadGroup-12 | SentryPublisher | 290c1047:144f0076a25:-1718 | Publishing MOCT msg from GCTJ003418
-> 03/23/2014 18:31:11.061 | INFO  | HTTPThreadGroup-11 | DecodedStatusProc | 290c1047:144f0076a25:-1720 | Processing Complete in 82
-> 03/23/2014 18:31:11.061 | INFO  | HTTPThreadGroup-11 | SentryStatusProc | 290c1047:144f0076a25:-1720 | Status processed in -0h:0m:0s.95ms, total in -0h:0m:0s.124ms
-> 03/23/2014 18:31:11.065 | INFO  | HTTPThreadGroup-12 | SentryDecoder | 290c1047:144f0076a25:-1718 | Decoded & Published in -0h:0m:0s.8ms
-> 03/23/2014 18:31:11.065 | INFO  | HTTPThreadGroup-12 | SentryPublisher | 290c1047:144f0076a25:-1718 | Published in -0h:0m:0s.8ms
-> 03/23/2014 18:31:11.071 | INFO  | HTTPThreadGroup-11 | DecodedStatusProc | 290c1047:144f0076a25:-171e | Processing: com.alion.gsm.sentry.dao.StatusReportSingleTempMessage
-> 03/23/2014 18:31:11.077 | INFO  | HTTPThreadGroup-12 | SentryPublisher | 290c1047:144f0076a25:-1715 | Publishing MOCT msg from TCTB002528
-> 03/23/2014 18:31:11.086 | INFO  | HTTPThreadGroup-12 | SentryDecoder | 290c1047:144f0076a25:-1715 | Decoded & Published in -0h:0m:0s.9ms
-> 03/23/2014 18:31:11.086 | INFO  | HTTPThreadGroup-12 | SentryPublisher | 290c1047:144f0076a25:-1715 | Published in -0h:0m:0s.9ms
-> 03/23/2014 18:31:11.089 | INFO  | HTTPThreadGroup-12 | SentryPublisher | 290c1047:144f0076a25:-1714 | Publishing MOCT msg from GCTJ003418
-> 03/23/2014 18:31:11.097 | INFO  | HTTPThreadGroup-12 | SentryDecoder | 290c1047:144f0076a25:-1714 | Decoded & Published in -0h:0m:0s.8ms
-> 03/23/2014 18:31:11.097 | INFO  | HTTPThreadGroup-12 | SentryPublisher | 290c1047:144f0076a25:-1714 | Published in -0h:0m:0s.8ms
-> 03/23/2014 18:31:11.101 | INFO  | HTTPThreadGroup-12 | SentryPublisher | 290c1047:144f0076a25:-1713 | Publishing MOCT msg from TCTB002528
-> 03/23/2014 18:31:11.109 | INFO  | HTTPThreadGroup-12 | SentryDecoder | 290c1047:144f0076a25:-1713 | Decoded & Published in -0h:0m:0s.8ms
-> 03/23/2014 18:31:11.109 | INFO  | HTTPThreadGroup-12 | SentryPublisher | 290c1047:144f0076a25:-1713 | Published in -0h:0m:0s.8ms
-> 03/23/2014 18:31:11.113 | INFO  | HTTPThreadGroup-12 | SentryPublisher | 290c1047:144f0076a25:-1712 | Publishing MOCT msg from GCTJ003418
-> 03/23/2014 18:31:11.122 | INFO  | HTTPThreadGroup-12 | SentryDecoder | 290c1047:144f0076a25:-1712 | Decoded & Published in -0h:0m:0s.9ms
-> 03/23/2014 18:31:11.122 | INFO  | HTTPThreadGroup-12 | SentryPublisher | 290c1047:144f0076a25:-1712 | Published in -0h:0m:0s.9ms
-> 03/23/2014 18:31:11.125 | INFO  | HTTPThreadGroup-12 | SentryPublisher | 290c1047:144f0076a25:-1711 | Publishing MOCT msg from TCTB002528
-> 03/23/2014 18:31:11.133 | INFO  | HTTPThreadGroup-12 | SentryDecoder | 290c1047:144f0076a25:-1711 | Decoded & Published in -0h:0m:0s.8ms
-> 03/23/2014 18:31:11.133 | INFO  | HTTPThreadGroup-12 | SentryPublisher | 290c1047:144f0076a25:-1711 | Published in -0h:0m:0s.8ms
-> 03/23/2014 18:31:11.137 | INFO  | HTTPThreadGroup-12 | SentryPublisher | 290c1047:144f0076a25:-1710 | Publishing MOCT msg from GDTJ000108
-> 03/23/2014 18:31:11.143 | INFO  | HTTPThreadGroup-12 | SentryDecoder | 290c1047:144f0076a25:-1710 | Decoded & Published in -0h:0m:0s.6ms
-> 03/23/2014 18:31:11.143 | INFO  | HTTPThreadGroup-12 | SentryPublisher | 290c1047:144f0076a25:-1710 | Published in -0h:0m:0s.6ms
-> 03/23/2014 18:31:11.147 | INFO  | HTTPThreadGroup-12 | SentryPublisher | 290c1047:144f0076a25:-170f | Publishing MOCT msg from GCTJ003418
-> 03/23/2014 18:31:11.155 | INFO  | HTTPThreadGroup-12 | SentryDecoder | 290c1047:144f0076a25:-170f | Decoded & Published in -0h:0m:0s.8ms
-> 03/23/2014 18:31:11.155 | INFO  | HTTPThreadGroup-12 | SentryPublisher | 290c1047:144f0076a25:-170f | Published in -0h:0m:0s.8ms
-> 03/23/2014 18:31:11.159 | INFO  | HTTPThreadGroup-12 | SentryPublisher | 290c1047:144f0076a25:-170e | Publishing MOCT msg from GCSH000580
-> 03/23/2014 18:31:11.166 | INFO  | HTTPThreadGroup-12 | SentryDecoder | 290c1047:144f0076a25:-170e | Decoded & Published in -0h:0m:0s.7ms
-> 03/23/2014 18:31:11.166 | INFO  | HTTPThreadGroup-12 | SentryPublisher | 290c1047:144f0076a25:-170e | Published in -0h:0m:0s.7ms
-> 03/23/2014 18:31:11.170 | INFO  | HTTPThreadGroup-12 | SentryPublisher | 290c1047:144f0076a25:-170d | Publishing MOCT msg from GCTJ003418
-> 03/23/2014 18:31:11.178 | INFO  | HTTPThreadGroup-12 | SentryDecoder | 290c1047:144f0076a25:-170d | Decoded & Published in -0h:0m:0s.8ms
-> 03/23/2014 18:31:11.178 | INFO  | HTTPThreadGroup-12 | SentryPublisher | 290c1047:144f0076a25:-170d | Published in -0h:0m:0s.8ms
-> 03/23/2014 18:31:11.182 | INFO  | HTTPThreadGroup-12 | SentryPublisher | 290c1047:144f0076a25:-170c | Publishing MOCT msg from GCTJ003418
-> 03/23/2014 18:31:11.190 | INFO  | HTTPThreadGroup-12 | SentryDecoder | 290c1047:144f0076a25:-170c | Decoded & Published in -0h:0m:0s.7ms
-> 03/23/2014 18:31:11.190 | INFO  | HTTPThreadGroup-12 | SentryPublisher | 290c1047:144f0076a25:-170c | Published in -0h:0m:0s.8ms
-> 03/23/2014 18:31:11.253 | INFO  | HTTPThreadGroup-11 | DecodedStatusProc | 290c1047:144f0076a25:-171e | Message from Unit:KLMZ124074[63766] Stamp: 2014-03-23 18:34:33.0
-> 03/23/2014 18:31:11.376 | INFO  | HTTPThreadGroup-11 | DecodedStatusProc | 290c1047:144f0076a25:-171e | Processing Complete in 305
-> 03/23/2014 18:31:11.377 | INFO  | HTTPThreadGroup-11 | SentryStatusProc | 290c1047:144f0076a25:-171e | Status processed in -0h:0m:0s.308ms, total in -0h:0m:0s.394ms
-> 03/23/2014 18:31:11.383 | INFO  | HTTPThreadGroup-11 | DecodedStatusProc | 290c1047:144f0076a25:-171d | Processing: com.alion.gsm.sentry.dao.StatusReportMultiTempMessage
-> 03/23/2014 18:31:11.464 | INFO  | HTTPThreadGroup-11 | DecodedStatusProc | 290c1047:144f0076a25:-171d | Message from Unit:880095[63668] Stamp: 2014-03-23 18:32:26.0
-> 03/23/2014 18:31:11.466 | INFO  | HTTPThreadGroup-11 | DecodedStatusProc | 290c1047:144f0076a25:-171d | Processing Complete in 83
-> 03/23/2014 18:31:11.466 | INFO  | HTTPThreadGroup-11 | SentryStatusProc | 290c1047:144f0076a25:-171d | Status processed in -0h:0m:0s.86ms, total in -0h:0m:0s.471ms
-> 03/23/2014 18:31:11.473 | INFO  | HTTPThreadGroup-11 | DecodedStatusProc | 290c1047:144f0076a25:-171c | Processing: com.alion.gsm.sentry.dao.StatusReportSingleTempMessage
-> 03/23/2014 18:31:11.676 | INFO  | HTTPThreadGroup-11 | DecodedStatusProc | 290c1047:144f0076a25:-171c | Message from Unit:PRIZ148077[56218] Stamp: 2014-03-23 18:30:58.0
-> 03/23/2014 18:31:11.692 | INFO  | HTTPThreadGroup-11 | DecodedStatusProc | 290c1047:144f0076a25:-171c | Processing Complete in 219
-> 03/23/2014 18:31:11.692 | INFO  | HTTPThreadGroup-11 | SentryStatusProc | 290c1047:144f0076a25:-171c | Status processed in -0h:0m:0s.221ms, total in -0h:0m:0s.682ms
-> 03/23/2014 18:31:11.696 | WARN  | HTTPThreadGroup-11 | SentryStatusProc | 290c1047:144f0076a25:-171b | Empty message received, ignored
-> 03/23/2014 18:31:11.701 | INFO  | HTTPThreadGroup-11 | DecodedStatusProc | 290c1047:144f0076a25:-171a | Processing: com.alion.gsm.sentry.dao.UnimplementedMessage
-> 03/23/2014 18:31:11.701 | WARN  | HTTPThreadGroup-11 | DecodedStatusProc | 290c1047:144f0076a25:-171a | UnimplementedMessage message: type:9 stype:-1 desc:UNIMPLEMENTED_BASE_MESSAGE mob#:15445694270
-> 03/23/2014 18:31:11.701 | INFO  | HTTPThreadGroup-11 | DecodedStatusProc | 290c1047:144f0076a25:-171a | Processing Complete in 0
-> 03/23/2014 18:31:11.701 | INFO  | HTTPThreadGroup-11 | SentryStatusProc | 290c1047:144f0076a25:-171a | Status processed in -0h:0m:0s.2ms, total in -0h:0m:0s.667ms
-> 03/23/2014 18:31:11.707 | INFO  | HTTPThreadGroup-11 | DecodedStatusProc | 290c1047:144f0076a25:-1719 | Processing: com.alion.gsm.sentry.dao.StatusReportSingleTempMessage
-> 03/23/2014 18:31:11.780 | INFO  | HTTPThreadGroup-11 | DecodedStatusProc | 290c1047:144f0076a25:-1719 | Message from Unit:R984205[16380] Stamp: 2014-03-23 18:30:38.0
-> 03/23/2014 18:31:11.790 | INFO  | HTTPThreadGroup-11 | DecodedStatusProc | 290c1047:144f0076a25:-1719 | Processing Complete in 83
-> 03/23/2014 18:31:11.790 | INFO  | HTTPThreadGroup-11 | SentryStatusProc | 290c1047:144f0076a25:-1719 | Status processed in -0h:0m:0s.86ms, total in -0h:0m:0s.745ms
-> 03/23/2014 18:31:11.799 | INFO  | HTTPThreadGroup-11 | DecodedStatusProc | 290c1047:144f0076a25:-1718 | Processing: com.alion.gsm.sentry.dao.UnimplementedMessage
-> 03/23/2014 18:31:11.799 | WARN  | HTTPThreadGroup-11 | DecodedStatusProc | 290c1047:144f0076a25:-1718 | UnimplementedMessage message: type:9 stype:-1 desc:UNIMPLEMENTED_BASE_MESSAGE mob#:15443272056
-> 03/23/2014 18:31:11.799 | INFO  | HTTPThreadGroup-11 | DecodedStatusProc | 290c1047:144f0076a25:-1718 | Processing Complete in 0
-> 03/23/2014 18:31:11.799 | INFO  | HTTPThreadGroup-11 | SentryStatusProc | 290c1047:144f0076a25:-1718 | Status processed in -0h:0m:0s.1ms, total in -0h:0m:0s.742ms
-> 03/23/2014 18:31:11.806 | INFO  | HTTPThreadGroup-11 | DecodedStatusProc | 290c1047:144f0076a25:-1715 | Processing: com.alion.gsm.sentry.dao.StatusReportSingleTempMessage
-> 03/23/2014 18:31:11.876 | INFO  | HTTPThreadGroup-11 | DecodedStatusProc | 290c1047:144f0076a25:-1715 | Message from Unit:PRIZ120520[40390] Stamp: 2014-03-23 18:34:57.0
-> 03/23/2014 18:31:11.888 | INFO  | HTTPThreadGroup-11 | DecodedStatusProc | 290c1047:144f0076a25:-1715 | Processing Complete in 82
-> 03/23/2014 18:31:11.888 | INFO  | HTTPThreadGroup-11 | SentryStatusProc | 290c1047:144f0076a25:-1715 | Status processed in -0h:0m:0s.84ms, total in -0h:0m:0s.811ms
-> 03/23/2014 18:31:11.894 | INFO  | HTTPThreadGroup-11 | DecodedStatusProc | 290c1047:144f0076a25:-1714 | Processing: com.alion.gsm.sentry.dao.StatusReportSingleTempMessage
-> 03/23/2014 18:31:11.940 | INFO  | HTTPThreadGroup-11 | DecodedStatusProc | 290c1047:144f0076a25:-1714 | Message from Unit:T22000[37632] Stamp: 2014-03-23 18:30:59.0
-> 03/23/2014 18:31:11.971 | INFO  | HTTPThreadGroup-11 | DecodedStatusProc | 290c1047:144f0076a25:-1714 | Processing Complete in 77
-> 03/23/2014 18:31:11.971 | INFO  | HTTPThreadGroup-11 | SentryStatusProc | 290c1047:144f0076a25:-1714 | Status processed in -0h:0m:0s.80ms, total in -0h:0m:0s.882ms
-> 03/23/2014 18:31:11.977 | INFO  | HTTPThreadGroup-11 | DecodedStatusProc | 290c1047:144f0076a25:-1713 | Processing: com.alion.gsm.sentry.dao.StatusReportSingleTempMessage
-> 03/23/2014 18:31:12.016 | INFO  | HTTPThreadGroup-11 | DecodedStatusProc | 290c1047:144f0076a25:-1713 | Message from Unit:AB1191[48217] Stamp: 2014-03-23 18:32:47.0
-> 03/23/2014 18:31:12.028 | INFO  | HTTPThreadGroup-11 | DecodedStatusProc | 290c1047:144f0076a25:-1713 | Processing Complete in 51
-> 03/23/2014 18:31:12.028 | INFO  | HTTPThreadGroup-11 | SentryStatusProc | 290c1047:144f0076a25:-1713 | Status processed in -0h:0m:0s.53ms, total in -0h:0m:0s.927ms
-> 03/23/2014 18:31:12.034 | INFO  | HTTPThreadGroup-11 | DecodedStatusProc | 290c1047:144f0076a25:-1712 | Processing: com.alion.gsm.sentry.dao.StatusReportSingleTempMessage
-> 03/23/2014 18:31:12.079 | INFO  | HTTPThreadGroup-11 | DecodedStatusProc | 290c1047:144f0076a25:-1712 | Message from Unit:T31238[48675] Stamp: 2014-03-23 18:34:01.0
-> 03/23/2014 18:31:12.107 | INFO  | HTTPThreadGroup-11 | DecodedStatusProc | 290c1047:144f0076a25:-1712 | Processing Complete in 73
-> 03/23/2014 18:31:12.108 | INFO  | HTTPThreadGroup-11 | SentryStatusProc | 290c1047:144f0076a25:-1712 | Status processed in -0h:0m:0s.76ms, total in -0h:0m:0s.995ms
-> 03/23/2014 18:31:12.113 | INFO  | HTTPThreadGroup-11 | DecodedStatusProc | 290c1047:144f0076a25:-1711 | Processing: com.alion.gsm.sentry.dao.StatusReportSingleTempMessage
-> 03/23/2014 18:31:12.179 | INFO  | HTTPThreadGroup-11 | DecodedStatusProc | 290c1047:144f0076a25:-1711 | Message from Unit:MTL20589[53872] Stamp: 2014-03-23 18:31:40.0
-> 03/23/2014 18:31:12.218 | INFO  | HTTPThreadGroup-11 | DecodedStatusProc | 290c1047:144f0076a25:-1711 | Processing Complete in 105
-> 03/23/2014 18:31:12.219 | INFO  | HTTPThreadGroup-11 | SentryStatusProc | 290c1047:144f0076a25:-1711 | Status processed in -0h:0m:0s.108ms, total in -0h:0m:1s.94ms
-> 03/23/2014 18:31:12.224 | INFO  | HTTPThreadGroup-11 | DecodedStatusProc | 290c1047:144f0076a25:-1710 | Processing: com.alion.gsm.sentry.dao.UnimplementedMessage
-> 03/23/2014 18:31:12.224 | WARN  | HTTPThreadGroup-11 | DecodedStatusProc | 290c1047:144f0076a25:-1710 | UnimplementedMessage message: type:9 stype:-1 desc:UNIMPLEMENTED_BASE_MESSAGE mob#:19739680843
-> 03/23/2014 18:31:12.224 | INFO  | HTTPThreadGroup-11 | DecodedStatusProc | 290c1047:144f0076a25:-1710 | Processing Complete in 0
-> 03/23/2014 18:31:12.224 | INFO  | HTTPThreadGroup-11 | SentryStatusProc | 290c1047:144f0076a25:-1710 | Status processed in -0h:0m:0s.2ms, total in -0h:0m:1s.87ms
-> 03/23/2014 18:31:12.230 | INFO  | HTTPThreadGroup-11 | DecodedStatusProc | 290c1047:144f0076a25:-170f | Processing: com.alion.gsm.sentry.dao.StatusReportSingleTempMessage
-> 03/23/2014 18:31:12.267 | INFO  | HTTPThreadGroup-11 | DecodedStatusProc | 290c1047:144f0076a25:-170f | Message from Unit:22069[58854] Stamp: 2014-03-23 18:32:10.0
-> 03/23/2014 18:31:12.300 | INFO  | HTTPThreadGroup-11 | DecodedStatusProc | 290c1047:144f0076a25:-170f | Processing Complete in 70
-> 03/23/2014 18:31:12.300 | INFO  | HTTPThreadGroup-11 | SentryStatusProc | 290c1047:144f0076a25:-170f | Status processed in -0h:0m:0s.72ms, total in -0h:0m:1s.153ms
-> 03/23/2014 18:31:12.306 | INFO  | HTTPThreadGroup-11 | DecodedStatusProc | 290c1047:144f0076a25:-170e | Processing: com.alion.gsm.sentry.dao.StatusReportSingleTempMessage
-> 03/23/2014 18:31:12.347 | INFO  | HTTPThreadGroup-11 | DecodedStatusProc | 290c1047:144f0076a25:-170e | Message from Unit:PRIZ140437[51814] Stamp: 2014-03-23 18:32:49.0
-> 03/23/2014 18:31:12.359 | INFO  | HTTPThreadGroup-11 | DecodedStatusProc | 290c1047:144f0076a25:-170e | Processing Complete in 53
-> 03/23/2014 18:31:12.359 | INFO  | HTTPThreadGroup-11 | SentryStatusProc | 290c1047:144f0076a25:-170e | Status processed in -0h:0m:0s.55ms, total in -0h:0m:1s.200ms
-> 03/23/2014 18:31:12.366 | INFO  | HTTPThreadGroup-11 | DecodedStatusProc | 290c1047:144f0076a25:-170d | Processing: com.alion.gsm.sentry.dao.StatusReportMultiTempMessage
-> 03/23/2014 18:31:12.411 | INFO  | HTTPThreadGroup-11 | DecodedStatusProc | 290c1047:144f0076a25:-170d | Message from Unit:M5304006[26083] Stamp: 2014-03-23 18:31:34.0
-> 03/23/2014 18:31:12.421 | INFO  | HTTPThreadGroup-11 | DecodedStatusProc | 290c1047:144f0076a25:-170d | Processing Complete in 55
-> 03/23/2014 18:31:12.422 | INFO  | HTTPThreadGroup-11 | SentryStatusProc | 290c1047:144f0076a25:-170d | Status processed in -0h:0m:0s.59ms, total in -0h:0m:1s.252ms
-> 03/23/2014 18:31:12.431 | INFO  | HTTPThreadGroup-11 | DecodedStatusProc | 290c1047:144f0076a25:-170c | Processing: com.alion.gsm.sentry.dao.TempProfileReportMessage
-> 03/23/2014 18:31:12.483 | INFO  | HTTPThreadGroup-11 | DecodedStatusProc | 290c1047:144f0076a25:-170c | Message from Asset:66614 Stamp: 2014-03-23 18:14:02.0
-> 03/23/2014 18:31:12.484 | INFO  | HTTPThreadGroup-11 | DecodedStatusProc | 290c1047:144f0076a25:-170c | Processing Complete in 53
-> 03/23/2014 18:31:12.484 | INFO  | HTTPThreadGroup-11 | SentryStatusProc | 290c1047:144f0076a25:-170c | Status processed in -0h:0m:0s.55ms, total in -0h:0m:1s.302ms
-> 03/23/2014 18:31:15.814 | INFO  | HTTPThreadGroup-12 | SentryPublisher | 290c1047:144f0076a25:-16f0 | Publishing MOCT msg from GDTJ000108
-> 03/23/2014 18:31:15.843 | INFO  | HTTPThreadGroup-12 | SentryDecoder | 290c1047:144f0076a25:-16f0 | Decoded & Published in -0h:0m:0s.29ms
-> 03/23/2014 18:31:15.843 | INFO  | HTTPThreadGroup-12 | SentryPublisher | 290c1047:144f0076a25:-16f0 | Published in -0h:0m:0s.29ms
-> 03/23/2014 18:31:15.847 | INFO  | HTTPThreadGroup-12 | SentryPublisher | 290c1047:144f0076a25:-16ef | Publishing MOCT msg from GCSH000580
-> 03/23/2014 18:31:15.855 | INFO  | HTTPThreadGroup-12 | SentryDecoder | 290c1047:144f0076a25:-16ef | Decoded & Published in -0h:0m:0s.8ms
-> 03/23/2014 18:31:15.855 | INFO  | HTTPThreadGroup-12 | SentryPublisher | 290c1047:144f0076a25:-16ef | Published in -0h:0m:0s.8ms
-> 03/23/2014 18:31:15.859 | INFO  | HTTPThreadGroup-12 | SentryPublisher | 290c1047:144f0076a25:-16ee | Publishing MOCT msg from TDTC000051
-> 03/23/2014 18:31:15.867 | INFO  | HTTPThreadGroup-12 | SentryDecoder | 290c1047:144f0076a25:-16ee | Decoded & Published in -0h:0m:0s.8ms
-> 03/23/2014 18:31:15.867 | INFO  | HTTPThreadGroup-12 | SentryPublisher | 290c1047:144f0076a25:-16ee | Published in -0h:0m:0s.8ms
-> 03/23/2014 18:31:15.871 | INFO  | HTTPThreadGroup-12 | SentryPublisher | 290c1047:144f0076a25:-16ed | Publishing MOCT msg from TCTB002528
-> 03/23/2014 18:31:15.879 | INFO  | HTTPThreadGroup-12 | SentryDecoder | 290c1047:144f0076a25:-16ed | Decoded & Published in -0h:0m:0s.8ms
-> 03/23/2014 18:31:15.879 | INFO  | HTTPThreadGroup-12 | SentryPublisher | 290c1047:144f0076a25:-16ed | Published in -0h:0m:0s.8ms
-> 03/23/2014 18:31:15.883 | INFO  | HTTPThreadGroup-12 | SentryPublisher | 290c1047:144f0076a25:-16ec | Publishing MOCT msg from TCTB002528
-> 03/23/2014 18:31:15.891 | INFO  | HTTPThreadGroup-12 | SentryDecoder | 290c1047:144f0076a25:-16ec | Decoded & Published in -0h:0m:0s.8ms
-> 03/23/2014 18:31:15.891 | INFO  | HTTPThreadGroup-12 | SentryPublisher | 290c1047:144f0076a25:-16ec | Published in -0h:0m:0s.8ms
-> 03/23/2014 18:31:15.895 | INFO  | HTTPThreadGroup-12 | SentryPublisher | 290c1047:144f0076a25:-16eb | Publishing MOCT msg from GDTJ000108
-> 03/23/2014 18:31:15.903 | INFO  | HTTPThreadGroup-12 | SentryDecoder | 290c1047:144f0076a25:-16eb | Decoded & Published in -0h:0m:0s.8ms
-> 03/23/2014 18:31:15.903 | INFO  | HTTPThreadGroup-12 | SentryPublisher | 290c1047:144f0076a25:-16eb | Published in -0h:0m:0s.8ms
-> 03/23/2014 18:31:15.908 | INFO  | HTTPThreadGroup-12 | SentryPublisher | 290c1047:144f0076a25:-16ea | Publishing MOCT msg from TCTB002528
-> 03/23/2014 18:31:15.915 | INFO  | HTTPThreadGroup-12 | SentryDecoder | 290c1047:144f0076a25:-16ea | Decoded & Published in -0h:0m:0s.8ms
-> 03/23/2014 18:31:15.915 | INFO  | HTTPThreadGroup-12 | SentryPublisher | 290c1047:144f0076a25:-16ea | Published in -0h:0m:0s.8ms
-> 03/23/2014 18:31:15.919 | INFO  | HTTPThreadGroup-12 | SentryPublisher | 290c1047:144f0076a25:-16e9 | Publishing MOCT msg from GCTJ003418
-> 03/23/2014 18:31:15.927 | INFO  | HTTPThreadGroup-12 | SentryDecoder | 290c1047:144f0076a25:-16e9 | Decoded & Published in -0h:0m:0s.8ms
-> 03/23/2014 18:31:15.927 | INFO  | HTTPThreadGroup-12 | SentryPublisher | 290c1047:144f0076a25:-16e9 | Published in -0h:0m:0s.8ms
-> 03/23/2014 18:31:15.931 | INFO  | HTTPThreadGroup-12 | SentryPublisher | 290c1047:144f0076a25:-16e8 | Publishing MOCT msg from GCSH000580
-> 03/23/2014 18:31:15.939 | INFO  | HTTPThreadGroup-12 | SentryDecoder | 290c1047:144f0076a25:-16e8 | Decoded & Published in -0h:0m:0s.8ms
-> 03/23/2014 18:31:15.939 | INFO  | HTTPThreadGroup-12 | SentryPublisher | 290c1047:144f0076a25:-16e8 | Published in -0h:0m:0s.8ms
-> 03/23/2014 18:31:15.944 | INFO  | HTTPThreadGroup-12 | SentryPublisher | 290c1047:144f0076a25:-16e7 | Publishing MOCT msg from TCTB002528
-> 03/23/2014 18:31:15.952 | INFO  | HTTPThreadGroup-12 | SentryDecoder | 290c1047:144f0076a25:-16e7 | Decoded & Published in -0h:0m:0s.9ms
-> 03/23/2014 18:31:15.952 | INFO  | HTTPThreadGroup-12 | SentryPublisher | 290c1047:144f0076a25:-16e7 | Published in -0h:0m:0s.9ms
-> 03/23/2014 18:31:15.956 | INFO  | HTTPThreadGroup-12 | SentryPublisher | 290c1047:144f0076a25:-16e6 | Publishing MOCT msg from GCTJ003418
-> 03/23/2014 18:31:15.963 | INFO  | HTTPThreadGroup-12 | SentryDecoder | 290c1047:144f0076a25:-16e6 | Decoded & Published in -0h:0m:0s.8ms
-> 03/23/2014 18:31:15.963 | INFO  | HTTPThreadGroup-12 | SentryPublisher | 290c1047:144f0076a25:-16e6 | Published in -0h:0m:0s.8ms
-> 03/23/2014 18:31:15.968 | INFO  | HTTPThreadGroup-12 | SentryPublisher | 290c1047:144f0076a25:-16e5 | Publishing MOCT msg from GCTJ003418
-> 03/23/2014 18:31:15.976 | INFO  | HTTPThreadGroup-12 | SentryDecoder | 290c1047:144f0076a25:-16e5 | Decoded & Published in -0h:0m:0s.8ms
-> 03/23/2014 18:31:15.976 | INFO  | HTTPThreadGroup-12 | SentryPublisher | 290c1047:144f0076a25:-16e5 | Published in -0h:0m:0s.9ms
-> 03/23/2014 18:31:15.980 | INFO  | HTTPThreadGroup-12 | SentryPublisher | 290c1047:144f0076a25:-16e4 | Publishing MOCT msg from GDTJ000108
-> 03/23/2014 18:31:15.987 | INFO  | HTTPThreadGroup-12 | SentryDecoder | 290c1047:144f0076a25:-16e4 | Decoded & Published in -0h:0m:0s.8ms
-> 03/23/2014 18:31:15.987 | INFO  | HTTPThreadGroup-12 | SentryPublisher | 290c1047:144f0076a25:-16e4 | Published in -0h:0m:0s.8ms
-> 03/23/2014 18:31:15.992 | INFO  | HTTPThreadGroup-12 | SentryPublisher | 290c1047:144f0076a25:-16e3 | Publishing MOCT msg from GCTJ003418
-> 03/23/2014 18:31:15.999 | INFO  | HTTPThreadGroup-12 | SentryDecoder | 290c1047:144f0076a25:-16e3 | Decoded & Published in -0h:0m:0s.8ms
-> 03/23/2014 18:31:15.999 | INFO  | HTTPThreadGroup-12 | SentryPublisher | 290c1047:144f0076a25:-16e3 | Published in -0h:0m:0s.8ms
-> 03/23/2014 18:31:16.003 | INFO  | HTTPThreadGroup-12 | SentryPublisher | 290c1047:144f0076a25:-16e2 | Publishing MOCT msg from TCTB002528
-> 03/23/2014 18:31:16.010 | INFO  | HTTPThreadGroup-12 | SentryDecoder | 290c1047:144f0076a25:-16e2 | Decoded & Published in -0h:0m:0s.7ms
-> 03/23/2014 18:31:16.010 | INFO  | HTTPThreadGroup-12 | SentryPublisher | 290c1047:144f0076a25:-16e2 | Published in -0h:0m:0s.7ms
-> 03/23/2014 18:31:16.014 | INFO  | HTTPThreadGroup-12 | SentryPublisher | 290c1047:144f0076a25:-16e1 | Publishing MOCT msg from GCSH000580
-> 03/23/2014 18:31:16.022 | INFO  | HTTPThreadGroup-12 | SentryDecoder | 290c1047:144f0076a25:-16e1 | Decoded & Published in -0h:0m:0s.8ms
-> 03/23/2014 18:31:16.022 | INFO  | HTTPThreadGroup-12 | SentryPublisher | 290c1047:144f0076a25:-16e1 | Published in -0h:0m:0s.8ms
-> 03/23/2014 18:31:16.027 | INFO  | HTTPThreadGroup-12 | SentryPublisher | 290c1047:144f0076a25:-16e0 | Publishing MOCT msg from TCTB002528
-> 03/23/2014 18:31:16.034 | INFO  | HTTPThreadGroup-12 | SentryDecoder | 290c1047:144f0076a25:-16e0 | Decoded & Published in -0h:0m:0s.8ms
-> 03/23/2014 18:31:16.035 | INFO  | HTTPThreadGroup-12 | SentryPublisher | 290c1047:144f0076a25:-16e0 | Published in -0h:0m:0s.9ms
-> 03/23/2014 18:31:16.038 | INFO  | HTTPThreadGroup-12 | SentryPublisher | 290c1047:144f0076a25:-16df | Publishing MOCT msg from GCSH000580
-> 03/23/2014 18:31:16.046 | INFO  | HTTPThreadGroup-12 | SentryDecoder | 290c1047:144f0076a25:-16df | Decoded & Published in -0h:0m:0s.8ms
-> 03/23/2014 18:31:16.046 | INFO  | HTTPThreadGroup-12 | SentryPublisher | 290c1047:144f0076a25:-16df | Published in -0h:0m:0s.8ms
-> 03/23/2014 18:31:16.079 | INFO  | HTTPThreadGroup-11 | DecodedStatusProc | 290c1047:144f0076a25:-16f0 | Processing: com.alion.gsm.sentry.dao.StatusReportMultiTempMessage
-> 03/23/2014 18:31:16.119 | INFO  | HTTPThreadGroup-11 | DecodedStatusProc | 290c1047:144f0076a25:-16f0 | Message from Unit:AFRD4130862[62790] Stamp: 2014-03-23 18:35:00.0
-> 03/23/2014 18:31:16.121 | INFO  | HTTPThreadGroup-11 | DecodedStatusProc | 290c1047:144f0076a25:-16f0 | Processing Complete in 42
-> 03/23/2014 18:31:16.121 | INFO  | HTTPThreadGroup-11 | SentryStatusProc | 290c1047:144f0076a25:-16f0 | Status processed in -0h:0m:0s.45ms, total in -0h:0m:0s.307ms
-> 03/23/2014 18:31:16.128 | INFO  | HTTPThreadGroup-11 | DecodedStatusProc | 290c1047:144f0076a25:-16ef | Processing: com.alion.gsm.sentry.dao.StatusReportSingleTempMessage
-> 03/23/2014 18:31:16.159 | INFO  | HTTPThreadGroup-11 | DecodedStatusProc | 290c1047:144f0076a25:-16ef | Message from Unit:T21182[42640] Stamp: 2014-03-23 18:34:51.0
-> 03/23/2014 18:31:16.183 | INFO  | HTTPThreadGroup-11 | DecodedStatusProc | 290c1047:144f0076a25:-16ef | Processing Complete in 55
-> 03/23/2014 18:31:16.183 | INFO  | HTTPThreadGroup-11 | SentryStatusProc | 290c1047:144f0076a25:-16ef | Status processed in -0h:0m:0s.58ms, total in -0h:0m:0s.336ms
-> 03/23/2014 18:31:16.188 | INFO  | HTTPThreadGroup-11 | DecodedStatusProc | 290c1047:144f0076a25:-16ee | Processing: com.alion.gsm.sentry.dao.UnimplementedMessage
-> 03/23/2014 18:31:16.188 | WARN  | HTTPThreadGroup-11 | DecodedStatusProc | 290c1047:144f0076a25:-16ee | UnimplementedMessage message: type:9 stype:-1 desc:UNIMPLEMENTED_BASE_MESSAGE mob#:61420915051
-> 03/23/2014 18:31:16.189 | INFO  | HTTPThreadGroup-11 | DecodedStatusProc | 290c1047:144f0076a25:-16ee | Processing Complete in 1
-> 03/23/2014 18:31:16.189 | INFO  | HTTPThreadGroup-11 | SentryStatusProc | 290c1047:144f0076a25:-16ee | Status processed in -0h:0m:0s.2ms, total in -0h:0m:0s.330ms
-> 03/23/2014 18:31:16.195 | INFO  | HTTPThreadGroup-11 | DecodedStatusProc | 290c1047:144f0076a25:-16ed | Processing: com.alion.gsm.sentry.dao.StatusReportSingleTempMessage
-> 03/23/2014 18:31:16.235 | INFO  | HTTPThreadGroup-11 | DecodedStatusProc | 290c1047:144f0076a25:-16ed | Message from Unit:PRIZ130027[46111] Stamp: 2014-03-23 18:31:45.0
-> 03/23/2014 18:31:16.248 | INFO  | HTTPThreadGroup-11 | DecodedStatusProc | 290c1047:144f0076a25:-16ed | Processing Complete in 53
-> 03/23/2014 18:31:16.248 | INFO  | HTTPThreadGroup-11 | SentryStatusProc | 290c1047:144f0076a25:-16ed | Status processed in -0h:0m:0s.55ms, total in -0h:0m:0s.377ms
-> 03/23/2014 18:31:16.254 | INFO  | HTTPThreadGroup-11 | DecodedStatusProc | 290c1047:144f0076a25:-16ec | Processing: com.alion.gsm.sentry.dao.StatusReportMultiTempMessage
-> 03/23/2014 18:31:16.287 | INFO  | HTTPThreadGroup-11 | DecodedStatusProc | 290c1047:144f0076a25:-16ec | Message from Unit:4CB864SH_4CK840[36199] Stamp: 2014-03-23 18:28:20.0
-> 03/23/2014 18:31:16.289 | INFO  | HTTPThreadGroup-11 | DecodedStatusProc | 290c1047:144f0076a25:-16ec | Processing Complete in 35
-> 03/23/2014 18:31:16.289 | INFO  | HTTPThreadGroup-11 | SentryStatusProc | 290c1047:144f0076a25:-16ec | Status processed in -0h:0m:0s.38ms, total in -0h:0m:0s.406ms
-> 03/23/2014 18:31:16.296 | INFO  | HTTPThreadGroup-11 | DecodedStatusProc | 290c1047:144f0076a25:-16eb | Processing: com.alion.gsm.sentry.dao.StatusReportSingleTempMessage
-> 03/23/2014 18:31:16.331 | INFO  | HTTPThreadGroup-11 | DecodedStatusProc | 290c1047:144f0076a25:-16eb | Message from Unit:MTL21098[64235] Stamp: 2014-03-23 18:30:21.0
-> 03/23/2014 18:31:16.355 | INFO  | HTTPThreadGroup-11 | DecodedStatusProc | 290c1047:144f0076a25:-16eb | Processing Complete in 59
-> 03/23/2014 18:31:16.356 | INFO  | HTTPThreadGroup-11 | SentryStatusProc | 290c1047:144f0076a25:-16eb | Status processed in -0h:0m:0s.61ms, total in -0h:0m:0s.461ms
-> 03/23/2014 18:31:16.362 | INFO  | HTTPThreadGroup-11 | DecodedStatusProc | 290c1047:144f0076a25:-16ea | Processing: com.alion.gsm.sentry.dao.StatusReportMultiTempMessage
-> 03/23/2014 18:31:16.399 | INFO  | HTTPThreadGroup-11 | DecodedStatusProc | 290c1047:144f0076a25:-16ea | Message from Unit:4CB867SH_4CK846[35730] Stamp: 2014-03-23 18:31:15.0
-> 03/23/2014 18:31:16.401 | INFO  | HTTPThreadGroup-11 | DecodedStatusProc | 290c1047:144f0076a25:-16ea | Processing Complete in 39
-> 03/23/2014 18:31:16.401 | INFO  | HTTPThreadGroup-11 | SentryStatusProc | 290c1047:144f0076a25:-16ea | Status processed in -0h:0m:0s.42ms, total in -0h:0m:0s.494ms
-> 03/23/2014 18:31:16.408 | INFO  | HTTPThreadGroup-11 | DecodedStatusProc | 290c1047:144f0076a25:-16e9 | Processing: com.alion.gsm.sentry.dao.StatusReportSingleTempMessage
-> 03/23/2014 18:31:16.443 | INFO  | HTTPThreadGroup-11 | DecodedStatusProc | 290c1047:144f0076a25:-16e9 | Message from Unit:CREU532771[58243] Stamp: 2014-03-23 18:34:12.0
-> 03/23/2014 18:31:16.456 | INFO  | HTTPThreadGroup-11 | DecodedStatusProc | 290c1047:144f0076a25:-16e9 | Processing Complete in 48
-> 03/23/2014 18:31:16.456 | INFO  | HTTPThreadGroup-11 | SentryStatusProc | 290c1047:144f0076a25:-16e9 | Status processed in -0h:0m:0s.51ms, total in -0h:0m:0s.537ms
-> 03/23/2014 18:31:16.463 | INFO  | HTTPThreadGroup-11 | DecodedStatusProc | 290c1047:144f0076a25:-16e8 | Processing: com.alion.gsm.sentry.dao.StatusReportSingleTempMessage
-> 03/23/2014 18:31:16.495 | INFO  | HTTPThreadGroup-11 | DecodedStatusProc | 290c1047:144f0076a25:-16e8 | Message from Unit:TPIX003123[19475] Stamp: 2014-03-23 18:30:35.0
-> 03/23/2014 18:31:16.497 | INFO  | HTTPThreadGroup-11 | DecodedStatusProc | 290c1047:144f0076a25:-16e8 | Processing Complete in 34
-> 03/23/2014 18:31:16.497 | INFO  | HTTPThreadGroup-11 | SentryStatusProc | 290c1047:144f0076a25:-16e8 | Status processed in -0h:0m:0s.37ms, total in -0h:0m:0s.566ms
-> 03/23/2014 18:31:16.503 | INFO  | HTTPThreadGroup-11 | DecodedStatusProc | 290c1047:144f0076a25:-16e7 | Processing: com.alion.gsm.sentry.dao.TempProfileReportMessage
-> 03/23/2014 18:31:16.522 | INFO  | HTTPThreadGroup-11 | DecodedStatusProc | 290c1047:144f0076a25:-16e7 | Message from Asset:46807 Stamp: 2014-03-23 18:33:43.0
-> 03/23/2014 18:31:16.523 | INFO  | HTTPThreadGroup-11 | DecodedStatusProc | 290c1047:144f0076a25:-16e7 | Processing Complete in 20
-> 03/23/2014 18:31:16.524 | INFO  | HTTPThreadGroup-11 | SentryStatusProc | 290c1047:144f0076a25:-16e7 | Status processed in -0h:0m:0s.23ms, total in -0h:0m:0s.581ms
-> 03/23/2014 18:31:16.531 | INFO  | HTTPThreadGroup-11 | DecodedStatusProc | 290c1047:144f0076a25:-16e6 | Processing: com.alion.gsm.sentry.dao.StatusReportSingleTempMessage
-> 03/23/2014 18:31:16.638 | INFO  | HTTPThreadGroup-11 | DecodedStatusProc | 290c1047:144f0076a25:-16e6 | Message from Unit:L2191[50232] Stamp: 2014-03-23 18:33:38.0
-> 03/23/2014 18:31:16.640 | INFO  | HTTPThreadGroup-11 | DecodedStatusProc | 290c1047:144f0076a25:-16e6 | Processing Complete in 109
-> 03/23/2014 18:31:16.640 | INFO  | HTTPThreadGroup-11 | SentryStatusProc | 290c1047:144f0076a25:-16e6 | Status processed in -0h:0m:0s.112ms, total in -0h:0m:0s.685ms
-> 03/23/2014 18:31:16.647 | INFO  | HTTPThreadGroup-11 | DecodedStatusProc | 290c1047:144f0076a25:-16e5 | Processing: com.alion.gsm.sentry.dao.StatusReportSingleTempMessage
-> 03/23/2014 18:31:16.694 | INFO  | HTTPThreadGroup-11 | DecodedStatusProc | 290c1047:144f0076a25:-16e5 | Message from Unit:22499[59887] Stamp: 2014-03-23 18:34:02.0
-> 03/23/2014 18:31:16.708 | INFO  | HTTPThreadGroup-11 | DecodedStatusProc | 290c1047:144f0076a25:-16e5 | Processing Complete in 61
-> 03/23/2014 18:31:16.708 | INFO  | HTTPThreadGroup-11 | SentryStatusProc | 290c1047:144f0076a25:-16e5 | Status processed in -0h:0m:0s.64ms, total in -0h:0m:0s.741ms
-> 03/23/2014 18:31:16.715 | INFO  | HTTPThreadGroup-11 | DecodedStatusProc | 290c1047:144f0076a25:-16e4 | Processing: com.alion.gsm.sentry.dao.StatusReportSingleTempMessage
-> 03/23/2014 18:31:16.750 | INFO  | HTTPThreadGroup-11 | DecodedStatusProc | 290c1047:144f0076a25:-16e4 | Message from Unit:PNWU500060[23482] Stamp: 2014-03-23 18:34:32.0
-> 03/23/2014 18:31:16.752 | INFO  | HTTPThreadGroup-11 | DecodedStatusProc | 290c1047:144f0076a25:-16e4 | Processing Complete in 37
-> 03/23/2014 18:31:16.752 | INFO  | HTTPThreadGroup-11 | SentryStatusProc | 290c1047:144f0076a25:-16e4 | Status processed in -0h:0m:0s.39ms, total in -0h:0m:0s.773ms
-> 03/23/2014 18:31:16.759 | INFO  | HTTPThreadGroup-11 | DecodedStatusProc | 290c1047:144f0076a25:-16e3 | Processing: com.alion.gsm.sentry.dao.StatusReportSingleTempMessage
-> 03/23/2014 18:31:16.798 | INFO  | HTTPThreadGroup-11 | DecodedStatusProc | 290c1047:144f0076a25:-16e3 | Message from Unit:T21005[49121] Stamp: 2014-03-23 18:34:14.0
-> 03/23/2014 18:31:16.825 | INFO  | HTTPThreadGroup-11 | DecodedStatusProc | 290c1047:144f0076a25:-16e3 | Processing Complete in 66
-> 03/23/2014 18:31:16.825 | INFO  | HTTPThreadGroup-11 | SentryStatusProc | 290c1047:144f0076a25:-16e3 | Status processed in -0h:0m:0s.69ms, total in -0h:0m:0s.834ms
-> 03/23/2014 18:31:16.831 | INFO  | HTTPThreadGroup-11 | DecodedStatusProc | 290c1047:144f0076a25:-16e2 | Processing: com.alion.gsm.sentry.dao.UnimplementedMessage
-> 03/23/2014 18:31:16.831 | WARN  | HTTPThreadGroup-11 | DecodedStatusProc | 290c1047:144f0076a25:-16e2 | UnimplementedMessage message: type:9 stype:-1 desc:UNIMPLEMENTED_BASE_MESSAGE mob#:15443271304
-> 03/23/2014 18:31:16.831 | INFO  | HTTPThreadGroup-11 | DecodedStatusProc | 290c1047:144f0076a25:-16e2 | Processing Complete in 0
-> 03/23/2014 18:31:16.831 | INFO  | HTTPThreadGroup-11 | SentryStatusProc | 290c1047:144f0076a25:-16e2 | Status processed in -0h:0m:0s.2ms, total in -0h:0m:0s.828ms
-> 03/23/2014 18:31:16.837 | INFO  | HTTPThreadGroup-11 | DecodedStatusProc | 290c1047:144f0076a25:-16e1 | Processing: com.alion.gsm.sentry.dao.StatusReportMultiTempMessage
-> 03/23/2014 18:31:17.107 | INFO  | HTTPThreadGroup-11 | DecodedStatusProc | 290c1047:144f0076a25:-16e1 | Message from Unit:501715[19070] Stamp: 2014-03-23 07:46:30.0
-> 03/23/2014 18:31:17.118 | INFO  | HTTPThreadGroup-11 | DecodedStatusProc | 290c1047:144f0076a25:-16e1 | Processing Complete in 281
-> 03/23/2014 18:31:17.118 | INFO  | HTTPThreadGroup-11 | SentryStatusProc | 290c1047:144f0076a25:-16e1 | Status processed in -0h:0m:0s.283ms, total in -0h:0m:1s.104ms
-> 03/23/2014 18:31:17.124 | INFO  | HTTPThreadGroup-11 | DecodedStatusProc | 290c1047:144f0076a25:-16e0 | Processing: com.alion.gsm.sentry.dao.StatusReportSingleTempMessage
-> 03/23/2014 18:31:17.171 | INFO  | HTTPThreadGroup-11 | DecodedStatusProc | 290c1047:144f0076a25:-16e0 | Message from Unit:138372[64366] Stamp: 2014-03-23 18:26:06.0
-> 03/23/2014 18:31:17.184 | INFO  | HTTPThreadGroup-11 | DecodedStatusProc | 290c1047:144f0076a25:-16e0 | Processing Complete in 60
-> 03/23/2014 18:31:17.184 | INFO  | HTTPThreadGroup-11 | SentryStatusProc | 290c1047:144f0076a25:-16e0 | Status processed in -0h:0m:0s.62ms, total in -0h:0m:1s.158ms
-> 03/23/2014 18:31:17.190 | INFO  | HTTPThreadGroup-11 | DecodedStatusProc | 290c1047:144f0076a25:-16df | Processing: com.alion.gsm.sentry.dao.StatusReportSingleTempMessage
-> 03/23/2014 18:31:17.244 | INFO  | HTTPThreadGroup-11 | DecodedStatusProc | 290c1047:144f0076a25:-16df | Message from Unit:JKC2111[48937] Stamp: 2014-03-23 18:32:25.0
-> 03/23/2014 18:31:17.256 | INFO  | HTTPThreadGroup-11 | DecodedStatusProc | 290c1047:144f0076a25:-16df | Processing Complete in 66
-> 03/23/2014 18:31:17.257 | INFO  | HTTPThreadGroup-11 | SentryStatusProc | 290c1047:144f0076a25:-16df | Status processed in -0h:0m:0s.69ms, total in -0h:0m:1s.219ms
-> 03/23/2014 18:31:21.173 | INFO  | HTTPThreadGroup-12 | SentryPublisher | 290c1047:144f0076a25:-16c5 | Publishing MOCT msg from TCTB002528
-> 03/23/2014 18:31:21.183 | INFO  | HTTPThreadGroup-12 | SentryDecoder | 290c1047:144f0076a25:-16c5 | Decoded & Published in -0h:0m:0s.10ms
-> 03/23/2014 18:31:21.183 | INFO  | HTTPThreadGroup-12 | SentryPublisher | 290c1047:144f0076a25:-16c5 | Published in -0h:0m:0s.10ms
-> 03/23/2014 18:31:21.186 | INFO  | HTTPThreadGroup-12 | SentryPublisher | 290c1047:144f0076a25:-16c4 | Publishing MOCT msg from GCTJ003418
-> 03/23/2014 18:31:21.195 | INFO  | HTTPThreadGroup-12 | SentryDecoder | 290c1047:144f0076a25:-16c4 | Decoded & Published in -0h:0m:0s.9ms
-> 03/23/2014 18:31:21.195 | INFO  | HTTPThreadGroup-12 | SentryPublisher | 290c1047:144f0076a25:-16c4 | Published in -0h:0m:0s.9ms
-> 03/23/2014 18:31:21.199 | INFO  | HTTPThreadGroup-12 | SentryPublisher | 290c1047:144f0076a25:-16c3 | Publishing MOCT msg from TCTB002528
-> 03/23/2014 18:31:21.207 | INFO  | HTTPThreadGroup-12 | SentryDecoder | 290c1047:144f0076a25:-16c3 | Decoded & Published in -0h:0m:0s.8ms
-> 03/23/2014 18:31:21.207 | INFO  | HTTPThreadGroup-12 | SentryPublisher | 290c1047:144f0076a25:-16c3 | Published in -0h:0m:0s.8ms
-> 03/23/2014 18:31:21.210 | INFO  | HTTPThreadGroup-12 | SentryPublisher | 290c1047:144f0076a25:-16c2 | Publishing MOCT msg from GCTJ003418
-> 03/23/2014 18:31:21.218 | INFO  | HTTPThreadGroup-12 | SentryDecoder | 290c1047:144f0076a25:-16c2 | Decoded & Published in -0h:0m:0s.8ms
-> 03/23/2014 18:31:21.218 | INFO  | HTTPThreadGroup-12 | SentryPublisher | 290c1047:144f0076a25:-16c2 | Published in -0h:0m:0s.8ms
-> 03/23/2014 18:31:21.222 | INFO  | HTTPThreadGroup-12 | SentryPublisher | 290c1047:144f0076a25:-16c1 | Publishing MOCT msg from TCTB002528
-> 03/23/2014 18:31:21.230 | INFO  | HTTPThreadGroup-12 | SentryDecoder | 290c1047:144f0076a25:-16c1 | Decoded & Published in -0h:0m:0s.8ms
-> 03/23/2014 18:31:21.230 | INFO  | HTTPThreadGroup-12 | SentryPublisher | 290c1047:144f0076a25:-16c1 | Published in -0h:0m:0s.8ms
-> 03/23/2014 18:31:21.234 | INFO  | HTTPThreadGroup-12 | SentryPublisher | 290c1047:144f0076a25:-16c0 | Publishing MOCT msg from GDTJ000108
-> 03/23/2014 18:31:21.242 | INFO  | HTTPThreadGroup-12 | SentryDecoder | 290c1047:144f0076a25:-16c0 | Decoded & Published in -0h:0m:0s.8ms
-> 03/23/2014 18:31:21.242 | INFO  | HTTPThreadGroup-12 | SentryPublisher | 290c1047:144f0076a25:-16c0 | Published in -0h:0m:0s.8ms
-> 03/23/2014 18:31:21.247 | INFO  | HTTPThreadGroup-12 | SentryPublisher | 290c1047:144f0076a25:-16bf | Publishing MOCT msg from GCTJ003418
-> 03/23/2014 18:31:21.254 | INFO  | HTTPThreadGroup-12 | SentryDecoder | 290c1047:144f0076a25:-16bf | Decoded & Published in -0h:0m:0s.8ms
-> 03/23/2014 18:31:21.255 | INFO  | HTTPThreadGroup-12 | SentryPublisher | 290c1047:144f0076a25:-16bf | Published in -0h:0m:0s.8ms
-> 03/23/2014 18:31:21.258 | INFO  | HTTPThreadGroup-12 | SentryPublisher | 290c1047:144f0076a25:-16be | Publishing MOCT msg from GCTJ003418
-> 03/23/2014 18:31:21.266 | INFO  | HTTPThreadGroup-12 | SentryDecoder | 290c1047:144f0076a25:-16be | Decoded & Published in -0h:0m:0s.8ms
-> 03/23/2014 18:31:21.266 | INFO  | HTTPThreadGroup-12 | SentryPublisher | 290c1047:144f0076a25:-16be | Published in -0h:0m:0s.8ms
-> 03/23/2014 18:31:21.271 | INFO  | HTTPThreadGroup-12 | SentryPublisher | 290c1047:144f0076a25:-16bd | Publishing MOCT msg from GCTJ003418
-> 03/23/2014 18:31:21.279 | INFO  | HTTPThreadGroup-12 | SentryDecoder | 290c1047:144f0076a25:-16bd | Decoded & Published in -0h:0m:0s.8ms
-> 03/23/2014 18:31:21.279 | INFO  | HTTPThreadGroup-12 | SentryPublisher | 290c1047:144f0076a25:-16bd | Published in -0h:0m:0s.8ms
-> 03/23/2014 18:31:21.283 | INFO  | HTTPThreadGroup-12 | SentryPublisher | 290c1047:144f0076a25:-16bc | Publishing MOCT msg from TCTB002528
-> 03/23/2014 18:31:21.289 | INFO  | HTTPThreadGroup-12 | SentryDecoder | 290c1047:144f0076a25:-16bc | Decoded & Published in -0h:0m:0s.7ms
-> 03/23/2014 18:31:21.289 | INFO  | HTTPThreadGroup-12 | SentryPublisher | 290c1047:144f0076a25:-16bc | Published in -0h:0m:0s.7ms
-> 03/23/2014 18:31:21.293 | INFO  | HTTPThreadGroup-12 | SentryPublisher | 290c1047:144f0076a25:-16bb | Publishing MOCT msg from GDTJ000108
-> 03/23/2014 18:31:21.301 | INFO  | HTTPThreadGroup-12 | SentryDecoder | 290c1047:144f0076a25:-16bb | Decoded & Published in -0h:0m:0s.8ms
-> 03/23/2014 18:31:21.301 | INFO  | HTTPThreadGroup-12 | SentryPublisher | 290c1047:144f0076a25:-16bb | Published in -0h:0m:0s.8ms
-> 03/23/2014 18:31:21.306 | INFO  | HTTPThreadGroup-12 | SentryPublisher | 290c1047:144f0076a25:-16ba | Publishing MOCT msg from GCTJ003418
-> 03/23/2014 18:31:21.313 | INFO  | HTTPThreadGroup-12 | SentryDecoder | 290c1047:144f0076a25:-16ba | Decoded & Published in -0h:0m:0s.8ms
-> 03/23/2014 18:31:21.313 | INFO  | HTTPThreadGroup-12 | SentryPublisher | 290c1047:144f0076a25:-16ba | Published in -0h:0m:0s.8ms
-> 03/23/2014 18:31:21.318 | INFO  | HTTPThreadGroup-12 | SentryPublisher | 290c1047:144f0076a25:-16b9 | Publishing MOCT msg from GDTJ000108
-> 03/23/2014 18:31:21.326 | INFO  | HTTPThreadGroup-12 | SentryDecoder | 290c1047:144f0076a25:-16b9 | Decoded & Published in -0h:0m:0s.9ms
-> 03/23/2014 18:31:21.326 | INFO  | HTTPThreadGroup-12 | SentryPublisher | 290c1047:144f0076a25:-16b9 | Published in -0h:0m:0s.9ms
-> 03/23/2014 18:31:21.368 | INFO  | HTTPThreadGroup-11 | DecodedStatusProc | 290c1047:144f0076a25:-16c5 | Processing: com.alion.gsm.sentry.dao.StatusReportSingleTempMessage
-> 03/23/2014 18:31:21.407 | INFO  | HTTPThreadGroup-11 | DecodedStatusProc | 290c1047:144f0076a25:-16c5 | Message from Unit:TGXU560015[66046] Stamp: 2014-03-23 18:26:13.0
-> 03/23/2014 18:31:21.425 | INFO  | HTTPThreadGroup-11 | DecodedStatusProc | 290c1047:144f0076a25:-16c5 | Processing Complete in 57
-> 03/23/2014 18:31:21.425 | INFO  | HTTPThreadGroup-11 | SentryStatusProc | 290c1047:144f0076a25:-16c5 | Status processed in -0h:0m:0s.60ms, total in -0h:0m:0s.252ms
-> 03/23/2014 18:31:21.432 | INFO  | HTTPThreadGroup-11 | DecodedStatusProc | 290c1047:144f0076a25:-16c4 | Processing: com.alion.gsm.sentry.dao.StatusReportSingleTempMessage
-> 03/23/2014 18:31:21.473 | INFO  | HTTPThreadGroup-11 | DecodedStatusProc | 290c1047:144f0076a25:-16c4 | Message from Unit:MTL20839[61346] Stamp: 2014-03-23 18:33:56.0
-> 03/23/2014 18:31:21.501 | INFO  | HTTPThreadGroup-11 | DecodedStatusProc | 290c1047:144f0076a25:-16c4 | Processing Complete in 69
-> 03/23/2014 18:31:21.502 | INFO  | HTTPThreadGroup-11 | SentryStatusProc | 290c1047:144f0076a25:-16c4 | Status processed in -0h:0m:0s.72ms, total in -0h:0m:0s.316ms
-> 03/23/2014 18:31:21.508 | INFO  | HTTPThreadGroup-11 | DecodedStatusProc | 290c1047:144f0076a25:-16c3 | Processing: com.alion.gsm.sentry.dao.StatusReportSingleTempMessage
-> 03/23/2014 18:31:21.549 | INFO  | HTTPThreadGroup-11 | DecodedStatusProc | 290c1047:144f0076a25:-16c3 | Message from Unit:PRIZ140443[51753] Stamp: 2014-03-23 18:26:05.0
-> 03/23/2014 18:31:21.561 | INFO  | HTTPThreadGroup-11 | DecodedStatusProc | 290c1047:144f0076a25:-16c3 | Processing Complete in 53
-> 03/23/2014 18:31:21.562 | INFO  | HTTPThreadGroup-11 | SentryStatusProc | 290c1047:144f0076a25:-16c3 | Status processed in -0h:0m:0s.56ms, total in -0h:0m:0s.362ms
-> 03/23/2014 18:31:21.567 | INFO  | HTTPThreadGroup-11 | DecodedStatusProc | 290c1047:144f0076a25:-16c2 | Processing: com.alion.gsm.sentry.dao.StatusReportSingleTempMessage
-> 03/23/2014 18:31:21.619 | INFO  | HTTPThreadGroup-11 | DecodedStatusProc | 290c1047:144f0076a25:-16c2 | Message from Unit:70733[51628] Stamp: 2014-03-23 18:33:45.0
-> 03/23/2014 18:31:21.630 | INFO  | HTTPThreadGroup-11 | DecodedStatusProc | 290c1047:144f0076a25:-16c2 | Processing Complete in 63
-> 03/23/2014 18:31:21.630 | INFO  | HTTPThreadGroup-11 | SentryStatusProc | 290c1047:144f0076a25:-16c2 | Status processed in -0h:0m:0s.65ms, total in -0h:0m:0s.420ms
-> 03/23/2014 18:31:21.637 | INFO  | HTTPThreadGroup-11 | DecodedStatusProc | 290c1047:144f0076a25:-16c1 | Processing: com.alion.gsm.sentry.dao.StatusReportSingleTempMessage
-> 03/23/2014 18:31:21.685 | INFO  | HTTPThreadGroup-11 | DecodedStatusProc | 290c1047:144f0076a25:-16c1 | Message from Unit:722454[37934] Stamp: 2014-03-23 18:35:12.0
-> 03/23/2014 18:31:21.696 | INFO  | HTTPThreadGroup-11 | DecodedStatusProc | 290c1047:144f0076a25:-16c1 | Processing Complete in 59
-> 03/23/2014 18:31:21.696 | INFO  | HTTPThreadGroup-11 | SentryStatusProc | 290c1047:144f0076a25:-16c1 | Status processed in -0h:0m:0s.62ms, total in -0h:0m:0s.474ms
-> 03/23/2014 18:31:21.706 | INFO  | HTTPThreadGroup-11 | DecodedStatusProc | 290c1047:144f0076a25:-16c0 | Processing: com.alion.gsm.sentry.dao.StatusReportSingleTempMessage
-> 03/23/2014 18:31:21.760 | INFO  | HTTPThreadGroup-11 | DecodedStatusProc | 290c1047:144f0076a25:-16c0 | Message from Unit:EHZ20753[35202] Stamp: 2014-03-23 18:30:43.0
-> 03/23/2014 18:31:21.772 | INFO  | HTTPThreadGroup-11 | DecodedStatusProc | 290c1047:144f0076a25:-16c0 | Processing Complete in 66
-> 03/23/2014 18:31:21.772 | INFO  | HTTPThreadGroup-11 | SentryStatusProc | 290c1047:144f0076a25:-16c0 | Status processed in -0h:0m:0s.69ms, total in -0h:0m:0s.538ms
-> 03/23/2014 18:31:21.778 | INFO  | HTTPThreadGroup-11 | DecodedStatusProc | 290c1047:144f0076a25:-16bf | Processing: com.alion.gsm.sentry.dao.StatusReportSingleTempMessage
-> 03/23/2014 18:31:21.816 | INFO  | HTTPThreadGroup-11 | DecodedStatusProc | 290c1047:144f0076a25:-16bf | Message from Unit:TGXU560117[66718] Stamp: 2014-03-23 18:27:09.0
-> 03/23/2014 18:31:21.835 | INFO  | HTTPThreadGroup-11 | DecodedStatusProc | 290c1047:144f0076a25:-16bf | Processing Complete in 57
-> 03/23/2014 18:31:21.835 | INFO  | HTTPThreadGroup-11 | SentryStatusProc | 290c1047:144f0076a25:-16bf | Status processed in -0h:0m:0s.59ms, total in -0h:0m:0s.589ms
-> 03/23/2014 18:31:21.842 | INFO  | HTTPThreadGroup-11 | DecodedStatusProc | 290c1047:144f0076a25:-16be | Processing: com.alion.gsm.sentry.dao.StatusReportMultiTempMessage
-> 03/23/2014 18:31:21.896 | INFO  | HTTPThreadGroup-11 | DecodedStatusProc | 290c1047:144f0076a25:-16be | Message from Unit:BOZ104[66813] Stamp: 2014-03-23 18:31:40.0
-> 03/23/2014 18:31:21.917 | INFO  | HTTPThreadGroup-11 | DecodedStatusProc | 290c1047:144f0076a25:-16be | Processing Complete in 75
-> 03/23/2014 18:31:21.917 | INFO  | HTTPThreadGroup-11 | SentryStatusProc | 290c1047:144f0076a25:-16be | Status processed in -0h:0m:0s.77ms, total in -0h:0m:0s.659ms
-> 03/23/2014 18:31:21.924 | INFO  | HTTPThreadGroup-11 | DecodedStatusProc | 290c1047:144f0076a25:-16bd | Processing: com.alion.gsm.sentry.dao.StatusReportSingleTempMessage
-> 03/23/2014 18:31:21.962 | INFO  | HTTPThreadGroup-11 | DecodedStatusProc | 290c1047:144f0076a25:-16bd | Message from Unit:WARZ8121[53414] Stamp: 2014-03-23 18:31:53.0
-> 03/23/2014 18:31:21.974 | INFO  | HTTPThreadGroup-11 | DecodedStatusProc | 290c1047:144f0076a25:-16bd | Processing Complete in 50
-> 03/23/2014 18:31:21.974 | INFO  | HTTPThreadGroup-11 | SentryStatusProc | 290c1047:144f0076a25:-16bd | Status processed in -0h:0m:0s.53ms, total in -0h:0m:0s.703ms
-> 03/23/2014 18:31:21.979 | INFO  | HTTPThreadGroup-11 | DecodedStatusProc | 290c1047:144f0076a25:-16bc | Processing: com.alion.gsm.sentry.dao.UnimplementedMessage
-> 03/23/2014 18:31:21.979 | WARN  | HTTPThreadGroup-11 | DecodedStatusProc | 290c1047:144f0076a25:-16bc | UnimplementedMessage message: type:9 stype:-1 desc:UNIMPLEMENTED_BASE_MESSAGE mob#:15443272047
-> 03/23/2014 18:31:21.979 | INFO  | HTTPThreadGroup-11 | DecodedStatusProc | 290c1047:144f0076a25:-16bc | Processing Complete in 0
-> 03/23/2014 18:31:21.980 | INFO  | HTTPThreadGroup-11 | SentryStatusProc | 290c1047:144f0076a25:-16bc | Status processed in -0h:0m:0s.1ms, total in -0h:0m:0s.697ms
-> 03/23/2014 18:31:21.987 | INFO  | HTTPThreadGroup-11 | DecodedStatusProc | 290c1047:144f0076a25:-16bb | Processing: com.alion.gsm.sentry.dao.StatusReportSingleTempMessage
-> 03/23/2014 18:31:22.034 | INFO  | HTTPThreadGroup-11 | DecodedStatusProc | 290c1047:144f0076a25:-16bb | Message from Unit:T31257[49558] Stamp: 2014-03-23 18:33:46.0
-> 03/23/2014 18:31:22.062 | INFO  | HTTPThreadGroup-11 | DecodedStatusProc | 290c1047:144f0076a25:-16bb | Processing Complete in 75
-> 03/23/2014 18:31:22.062 | INFO  | HTTPThreadGroup-11 | SentryStatusProc | 290c1047:144f0076a25:-16bb | Status processed in -0h:0m:0s.77ms, total in -0h:0m:0s.769ms
-> 03/23/2014 18:31:22.068 | INFO  | HTTPThreadGroup-11 | DecodedStatusProc | 290c1047:144f0076a25:-16ba | Processing: com.alion.gsm.sentry.dao.StatusReportSingleTempMessage
-> 03/23/2014 18:31:22.104 | INFO  | HTTPThreadGroup-11 | DecodedStatusProc | 290c1047:144f0076a25:-16ba | Message from Unit:TGXU560094[66705] Stamp: 2014-03-23 18:27:14.0
-> 03/23/2014 18:31:22.122 | INFO  | HTTPThreadGroup-11 | DecodedStatusProc | 290c1047:144f0076a25:-16ba | Processing Complete in 54
-> 03/23/2014 18:31:22.122 | INFO  | HTTPThreadGroup-11 | SentryStatusProc | 290c1047:144f0076a25:-16ba | Status processed in -0h:0m:0s.57ms, total in -0h:0m:0s.817ms
-> 03/23/2014 18:31:22.128 | INFO  | HTTPThreadGroup-11 | DecodedStatusProc | 290c1047:144f0076a25:-16b9 | Processing: com.alion.gsm.sentry.dao.StatusReportSingleTempMessage
-> 03/23/2014 18:31:22.162 | INFO  | HTTPThreadGroup-11 | DecodedStatusProc | 290c1047:144f0076a25:-16b9 | Message from Unit:TPIX003249[9488] Stamp: 2014-03-23 18:35:09.0
-> 03/23/2014 18:31:22.164 | INFO  | HTTPThreadGroup-11 | DecodedStatusProc | 290c1047:144f0076a25:-16b9 | Processing Complete in 36
-> 03/23/2014 18:31:22.164 | INFO  | HTTPThreadGroup-11 | SentryStatusProc | 290c1047:144f0076a25:-16b9 | Status processed in -0h:0m:0s.38ms, total in -0h:0m:0s.847ms
